****                   ADMIXTURE Version 1.3.0                  ****
****                    Copyright 2008-2015                     ****
****           David Alexander, Suyash Shringarpure,            ****
****                John  Novembre, Ken Lange                   ****
****                                                            ****
****                 Please cite our paper!                     ****
****   Information at www.genetics.ucla.edu/software/admixture  ****

Cross-validation will be performed.  Folds=5.
Random seed: 43
Point estimation method: Block relaxation algorithm
Convergence acceleration algorithm: QuasiNewton, 3 secant conditions
Point estimation will terminate when objective function delta < 0.0001
Estimation of standard errors disabled; will compute point estimates only.
Size of G: 190x89810
Performing five EM steps to prime main algorithm
1 (EM) 	Elapsed: 0.957	Loglikelihood: -1.51102e+07	(delta): 1.02493e+07
2 (EM) 	Elapsed: 0.96	Loglikelihood: -1.45803e+07	(delta): 529873
3 (EM) 	Elapsed: 0.966	Loglikelihood: -1.44197e+07	(delta): 160618
4 (EM) 	Elapsed: 0.967	Loglikelihood: -1.4333e+07	(delta): 86726.6
5 (EM) 	Elapsed: 0.96	Loglikelihood: -1.42807e+07	(delta): 52309.5
Initial loglikelihood: -1.42807e+07
Starting main algorithm
1 (QN/Block) 	Elapsed: 2.346	Loglikelihood: -1.41225e+07	(delta): 158174
2 (QN/Block) 	Elapsed: 2.386	Loglikelihood: -1.40405e+07	(delta): 81943.3
3 (QN/Block) 	Elapsed: 2.696	Loglikelihood: -1.40181e+07	(delta): 22466.1
4 (QN/Block) 	Elapsed: 2.839	Loglikelihood: -1.4007e+07	(delta): 11024.2
5 (QN/Block) 	Elapsed: 2.706	Loglikelihood: -1.39991e+07	(delta): 7971.83
6 (QN/Block) 	Elapsed: 2.875	Loglikelihood: -1.39863e+07	(delta): 12753.4
7 (QN/Block) 	Elapsed: 3.007	Loglikelihood: -1.3982e+07	(delta): 4295.7
8 (QN/Block) 	Elapsed: 2.706	Loglikelihood: -1.398e+07	(delta): 2028.51
9 (QN/Block) 	Elapsed: 2.702	Loglikelihood: -1.39793e+07	(delta): 652.536
10 (QN/Block) 	Elapsed: 2.716	Loglikelihood: -1.39791e+07	(delta): 246.937
11 (QN/Block) 	Elapsed: 2.712	Loglikelihood: -1.3979e+07	(delta): 142.54
12 (QN/Block) 	Elapsed: 2.725	Loglikelihood: -1.39788e+07	(delta): 117.629
13 (QN/Block) 	Elapsed: 2.74	Loglikelihood: -1.39787e+07	(delta): 140.452
14 (QN/Block) 	Elapsed: 2.886	Loglikelihood: -1.39786e+07	(delta): 105.761
15 (QN/Block) 	Elapsed: 2.744	Loglikelihood: -1.39786e+07	(delta): 29.3884
16 (QN/Block) 	Elapsed: 2.739	Loglikelihood: -1.39785e+07	(delta): 25.0656
17 (QN/Block) 	Elapsed: 3.053	Loglikelihood: -1.39785e+07	(delta): 20.299
18 (QN/Block) 	Elapsed: 2.895	Loglikelihood: -1.39785e+07	(delta): 20.1157
19 (QN/Block) 	Elapsed: 3.067	Loglikelihood: -1.39785e+07	(delta): 10.9209
20 (QN/Block) 	Elapsed: 3.239	Loglikelihood: -1.39785e+07	(delta): 2.14183
21 (QN/Block) 	Elapsed: 2.753	Loglikelihood: -1.39785e+07	(delta): 3.78831
22 (QN/Block) 	Elapsed: 2.753	Loglikelihood: -1.39785e+07	(delta): 0.540272
23 (QN/Block) 	Elapsed: 2.839	Loglikelihood: -1.39785e+07	(delta): 0.0363238
24 (QN/Block) 	Elapsed: 2.82	Loglikelihood: -1.39785e+07	(delta): 0.0032273
25 (QN/Block) 	Elapsed: 2.837	Loglikelihood: -1.39785e+07	(delta): 0.000615083
26 (QN/Block) 	Elapsed: 2.965	Loglikelihood: -1.39785e+07	(delta): 1.71158e-05
Summary: 
Converged in 26 iterations (82.974 sec)
Loglikelihood: -13978478.804180
Fst divergences between estimated populations: 
	Pop0	Pop1	
Pop0	
Pop1	0.065	
Pop2	0.077	0.084	
CV error (K=3): 0.84099
Writing output files.
