****                   ADMIXTURE Version 1.3.0                  ****
****                    Copyright 2008-2015                     ****
****           David Alexander, Suyash Shringarpure,            ****
****                John  Novembre, Ken Lange                   ****
****                                                            ****
****                 Please cite our paper!                     ****
****   Information at www.genetics.ucla.edu/software/admixture  ****

Cross-validation will be performed.  Folds=5.
Random seed: 43
Point estimation method: Block relaxation algorithm
Convergence acceleration algorithm: QuasiNewton, 3 secant conditions
Point estimation will terminate when objective function delta < 0.0001
Estimation of standard errors disabled; will compute point estimates only.
Size of G: 190x89810
Performing five EM steps to prime main algorithm
1 (EM) 	Elapsed: 1.163	Loglikelihood: -1.51326e+07	(delta): 9.24228e+06
2 (EM) 	Elapsed: 1.156	Loglikelihood: -1.4601e+07	(delta): 531660
3 (EM) 	Elapsed: 1.167	Loglikelihood: -1.44428e+07	(delta): 158178
4 (EM) 	Elapsed: 1.157	Loglikelihood: -1.43499e+07	(delta): 92870.2
5 (EM) 	Elapsed: 1.153	Loglikelihood: -1.42874e+07	(delta): 62528.3
Initial loglikelihood: -1.42874e+07
Starting main algorithm
1 (QN/Block) 	Elapsed: 2.911	Loglikelihood: -1.40837e+07	(delta): 203660
2 (QN/Block) 	Elapsed: 2.944	Loglikelihood: -1.39649e+07	(delta): 118786
3 (QN/Block) 	Elapsed: 3.687	Loglikelihood: -1.39089e+07	(delta): 56011.1
4 (QN/Block) 	Elapsed: 3.381	Loglikelihood: -1.3884e+07	(delta): 24911
5 (QN/Block) 	Elapsed: 3.392	Loglikelihood: -1.38647e+07	(delta): 19307.3
6 (QN/Block) 	Elapsed: 3.528	Loglikelihood: -1.38528e+07	(delta): 11887.5
7 (QN/Block) 	Elapsed: 3.247	Loglikelihood: -1.38468e+07	(delta): 5984.26
8 (QN/Block) 	Elapsed: 3.248	Loglikelihood: -1.38439e+07	(delta): 2965.53
9 (QN/Block) 	Elapsed: 3.28	Loglikelihood: -1.38422e+07	(delta): 1676.25
10 (QN/Block) 	Elapsed: 3.256	Loglikelihood: -1.38409e+07	(delta): 1272.79
11 (QN/Block) 	Elapsed: 3.249	Loglikelihood: -1.38399e+07	(delta): 1001.93
12 (QN/Block) 	Elapsed: 3.248	Loglikelihood: -1.38395e+07	(delta): 413.043
13 (QN/Block) 	Elapsed: 3.249	Loglikelihood: -1.38393e+07	(delta): 200.349
14 (QN/Block) 	Elapsed: 3.289	Loglikelihood: -1.38392e+07	(delta): 63.4677
15 (QN/Block) 	Elapsed: 3.244	Loglikelihood: -1.38392e+07	(delta): 42.2769
16 (QN/Block) 	Elapsed: 3.408	Loglikelihood: -1.38392e+07	(delta): 14.3834
17 (QN/Block) 	Elapsed: 3.248	Loglikelihood: -1.38392e+07	(delta): 8.88665
18 (QN/Block) 	Elapsed: 3.261	Loglikelihood: -1.38392e+07	(delta): 6.90814
19 (QN/Block) 	Elapsed: 3.275	Loglikelihood: -1.38391e+07	(delta): 14.978
20 (QN/Block) 	Elapsed: 3.249	Loglikelihood: -1.38391e+07	(delta): 3.6552
21 (QN/Block) 	Elapsed: 3.264	Loglikelihood: -1.38391e+07	(delta): 1.68927
22 (QN/Block) 	Elapsed: 3.275	Loglikelihood: -1.38391e+07	(delta): 0.968746
23 (QN/Block) 	Elapsed: 3.264	Loglikelihood: -1.38391e+07	(delta): 0.168329
24 (QN/Block) 	Elapsed: 3.267	Loglikelihood: -1.38391e+07	(delta): 0.0327768
25 (QN/Block) 	Elapsed: 3.25	Loglikelihood: -1.38391e+07	(delta): 0.00765179
26 (QN/Block) 	Elapsed: 3.246	Loglikelihood: -1.38391e+07	(delta): 0.00649048
27 (QN/Block) 	Elapsed: 3.248	Loglikelihood: -1.38391e+07	(delta): 0.00144345
28 (QN/Block) 	Elapsed: 3.25	Loglikelihood: -1.38391e+07	(delta): 0.000295289
29 (QN/Block) 	Elapsed: 3.259	Loglikelihood: -1.38391e+07	(delta): 2.62149e-05
Summary: 
Converged in 29 iterations (106.055 sec)
Loglikelihood: -13839142.223108
Fst divergences between estimated populations: 
	Pop0	Pop1	Pop2	
Pop0	
Pop1	0.153	
Pop2	0.079	0.167	
Pop3	0.068	0.149	0.085	
CV error (K=4): 0.86318
Writing output files.
