****                   ADMIXTURE Version 1.3.0                  ****
****                    Copyright 2008-2015                     ****
****           David Alexander, Suyash Shringarpure,            ****
****                John  Novembre, Ken Lange                   ****
****                                                            ****
****                 Please cite our paper!                     ****
****   Information at www.genetics.ucla.edu/software/admixture  ****

Cross-validation will be performed.  Folds=5.
Random seed: 43
Point estimation method: Block relaxation algorithm
Convergence acceleration algorithm: QuasiNewton, 3 secant conditions
Point estimation will terminate when objective function delta < 0.0001
Estimation of standard errors disabled; will compute point estimates only.
Size of G: 190x89810
Performing five EM steps to prime main algorithm
1 (EM) 	Elapsed: 1.405	Loglikelihood: -1.5135e+07	(delta): 9.24697e+06
2 (EM) 	Elapsed: 1.453	Loglikelihood: -1.46023e+07	(delta): 532683
3 (EM) 	Elapsed: 1.486	Loglikelihood: -1.44438e+07	(delta): 158498
4 (EM) 	Elapsed: 1.426	Loglikelihood: -1.43507e+07	(delta): 93134.3
5 (EM) 	Elapsed: 1.439	Loglikelihood: -1.4288e+07	(delta): 62737.3
Initial loglikelihood: -1.4288e+07
Starting main algorithm
1 (QN/Block) 	Elapsed: 3.465	Loglikelihood: -1.40834e+07	(delta): 204579
2 (QN/Block) 	Elapsed: 3.399	Loglikelihood: -1.39642e+07	(delta): 119223
3 (QN/Block) 	Elapsed: 4.341	Loglikelihood: -1.39083e+07	(delta): 55882.8
4 (QN/Block) 	Elapsed: 3.958	Loglikelihood: -1.38835e+07	(delta): 24787.8
5 (QN/Block) 	Elapsed: 3.948	Loglikelihood: -1.38638e+07	(delta): 19731.3
6 (QN/Block) 	Elapsed: 4.123	Loglikelihood: -1.38522e+07	(delta): 11601.6
7 (QN/Block) 	Elapsed: 3.751	Loglikelihood: -1.38464e+07	(delta): 5776.39
8 (QN/Block) 	Elapsed: 3.754	Loglikelihood: -1.38437e+07	(delta): 2721.69
9 (QN/Block) 	Elapsed: 3.736	Loglikelihood: -1.3842e+07	(delta): 1649.91
10 (QN/Block) 	Elapsed: 3.692	Loglikelihood: -1.38408e+07	(delta): 1198.15
11 (QN/Block) 	Elapsed: 3.677	Loglikelihood: -1.38399e+07	(delta): 911.36
12 (QN/Block) 	Elapsed: 3.687	Loglikelihood: -1.38395e+07	(delta): 424.579
13 (QN/Block) 	Elapsed: 3.663	Loglikelihood: -1.38393e+07	(delta): 186.216
14 (QN/Block) 	Elapsed: 3.7	Loglikelihood: -1.38392e+07	(delta): 66.4752
15 (QN/Block) 	Elapsed: 3.722	Loglikelihood: -1.38392e+07	(delta): 36.618
16 (QN/Block) 	Elapsed: 3.736	Loglikelihood: -1.38392e+07	(delta): 12.0852
17 (QN/Block) 	Elapsed: 3.699	Loglikelihood: -1.38392e+07	(delta): 12.3258
18 (QN/Block) 	Elapsed: 3.672	Loglikelihood: -1.38392e+07	(delta): 10.2193
19 (QN/Block) 	Elapsed: 3.754	Loglikelihood: -1.38392e+07	(delta): 5.13629
20 (QN/Block) 	Elapsed: 3.694	Loglikelihood: -1.38392e+07	(delta): 2.91254
21 (QN/Block) 	Elapsed: 3.691	Loglikelihood: -1.38391e+07	(delta): 5.80873
22 (QN/Block) 	Elapsed: 3.666	Loglikelihood: -1.38391e+07	(delta): 1.90001
23 (QN/Block) 	Elapsed: 3.691	Loglikelihood: -1.38391e+07	(delta): 0.437093
24 (QN/Block) 	Elapsed: 3.846	Loglikelihood: -1.38391e+07	(delta): 0.112549
25 (QN/Block) 	Elapsed: 3.963	Loglikelihood: -1.38391e+07	(delta): 0.0407358
26 (QN/Block) 	Elapsed: 3.85	Loglikelihood: -1.38391e+07	(delta): 0.00402417
27 (QN/Block) 	Elapsed: 3.974	Loglikelihood: -1.38391e+07	(delta): 0.0123336
28 (QN/Block) 	Elapsed: 3.815	Loglikelihood: -1.38391e+07	(delta): 0.0010455
29 (QN/Block) 	Elapsed: 4.238	Loglikelihood: -1.38391e+07	(delta): 0.000248322
30 (QN/Block) 	Elapsed: 3.996	Loglikelihood: -1.38391e+07	(delta): 2.27131e-05
Summary: 
Converged in 30 iterations (128.215 sec)
Loglikelihood: -13839142.224471
Fst divergences between estimated populations: 
	Pop0	Pop1	Pop2	
Pop0	
Pop1	0.153	
Pop2	0.079	0.167	
Pop3	0.068	0.149	0.085	
CV error (K=4): 0.86317
Writing output files.
