****                   ADMIXTURE Version 1.3.0                  ****
****                    Copyright 2008-2015                     ****
****           David Alexander, Suyash Shringarpure,            ****
****                John  Novembre, Ken Lange                   ****
****                                                            ****
****                 Please cite our paper!                     ****
****   Information at www.genetics.ucla.edu/software/admixture  ****

Cross-validation will be performed.  Folds=5.
Random seed: 43
Point estimation method: Block relaxation algorithm
Convergence acceleration algorithm: QuasiNewton, 3 secant conditions
Point estimation will terminate when objective function delta < 0.0001
Estimation of standard errors disabled; will compute point estimates only.
Size of G: 190x89810
Performing five EM steps to prime main algorithm
1 (EM) 	Elapsed: 0.455	Loglikelihood: -1.43553e+07	(delta): 1.69472e+07
2 (EM) 	Elapsed: 0.454	Loglikelihood: -1.43553e+07	(delta): 0
3 (EM) 	Elapsed: 0.457	Loglikelihood: -1.43553e+07	(delta): 0
4 (EM) 	Elapsed: 0.452	Loglikelihood: -1.43553e+07	(delta): 0
5 (EM) 	Elapsed: 0.462	Loglikelihood: -1.43553e+07	(delta): 0
Initial loglikelihood: -1.43553e+07
Starting main algorithm
1 (QN/Block) 	Elapsed: 1.155	Loglikelihood: -1.43553e+07	(delta): 0
Summary: 
Converged in 1 iterations (4.448 sec)
Loglikelihood: -14355321.277315
CV error (K=1): 0.82347
Writing output files.
