****                   ADMIXTURE Version 1.3.0                  ****
****                    Copyright 2008-2015                     ****
****           David Alexander, Suyash Shringarpure,            ****
****                John  Novembre, Ken Lange                   ****
****                                                            ****
****                 Please cite our paper!                     ****
****   Information at www.genetics.ucla.edu/software/admixture  ****

Cross-validation will be performed.  Folds=5.
Random seed: 43
Point estimation method: Block relaxation algorithm
Convergence acceleration algorithm: QuasiNewton, 3 secant conditions
Point estimation will terminate when objective function delta < 0.0001
Estimation of standard errors disabled; will compute point estimates only.
Size of G: 190x89810
Performing five EM steps to prime main algorithm
1 (EM) 	Elapsed: 0.683	Loglikelihood: -1.4966e+07	(delta): 1.20042e+07
2 (EM) 	Elapsed: 0.664	Loglikelihood: -1.45072e+07	(delta): 458881
3 (EM) 	Elapsed: 0.655	Loglikelihood: -1.43859e+07	(delta): 121243
4 (EM) 	Elapsed: 0.655	Loglikelihood: -1.43296e+07	(delta): 56319.2
5 (EM) 	Elapsed: 0.663	Loglikelihood: -1.43019e+07	(delta): 27689.9
Initial loglikelihood: -1.43019e+07
Starting main algorithm
1 (QN/Block) 	Elapsed: 1.547	Loglikelihood: -1.42507e+07	(delta): 51243.2
2 (QN/Block) 	Elapsed: 1.547	Loglikelihood: -1.41553e+07	(delta): 95342.9
3 (QN/Block) 	Elapsed: 2.167	Loglikelihood: -1.41267e+07	(delta): 28651.7
4 (QN/Block) 	Elapsed: 2.171	Loglikelihood: -1.4121e+07	(delta): 5643.74
5 (QN/Block) 	Elapsed: 1.795	Loglikelihood: -1.41197e+07	(delta): 1372.39
6 (QN/Block) 	Elapsed: 1.803	Loglikelihood: -1.41193e+07	(delta): 320.662
7 (QN/Block) 	Elapsed: 1.794	Loglikelihood: -1.41192e+07	(delta): 136.219
8 (QN/Block) 	Elapsed: 1.799	Loglikelihood: -1.41191e+07	(delta): 71.7996
9 (QN/Block) 	Elapsed: 1.792	Loglikelihood: -1.41191e+07	(delta): 40.0171
10 (QN/Block) 	Elapsed: 1.83	Loglikelihood: -1.41191e+07	(delta): 34.2989
11 (QN/Block) 	Elapsed: 1.815	Loglikelihood: -1.4119e+07	(delta): 5.51151
12 (QN/Block) 	Elapsed: 1.807	Loglikelihood: -1.4119e+07	(delta): 1.34881
13 (QN/Block) 	Elapsed: 1.871	Loglikelihood: -1.4119e+07	(delta): 0.181482
14 (QN/Block) 	Elapsed: 1.831	Loglikelihood: -1.4119e+07	(delta): 0.074061
15 (QN/Block) 	Elapsed: 1.816	Loglikelihood: -1.4119e+07	(delta): 0.0126026
16 (QN/Block) 	Elapsed: 1.81	Loglikelihood: -1.4119e+07	(delta): 0.00104931
17 (QN/Block) 	Elapsed: 1.804	Loglikelihood: -1.4119e+07	(delta): 4.8589e-05
Summary: 
Converged in 17 iterations (37.421 sec)
Loglikelihood: -14119047.565529
Fst divergences between estimated populations: 
	Pop0	
Pop0	
Pop1	0.062	
CV error (K=2): 0.82578
Writing output files.
