****                   ADMIXTURE Version 1.3.0                  ****
****                    Copyright 2008-2015                     ****
****           David Alexander, Suyash Shringarpure,            ****
****                John  Novembre, Ken Lange                   ****
****                                                            ****
****                 Please cite our paper!                     ****
****   Information at www.genetics.ucla.edu/software/admixture  ****

Cross-validation will be performed.  Folds=5.
Random seed: 43
Point estimation method: Block relaxation algorithm
Convergence acceleration algorithm: QuasiNewton, 3 secant conditions
Point estimation will terminate when objective function delta < 0.0001
Estimation of standard errors disabled; will compute point estimates only.
Size of G: 190x89810
Performing five EM steps to prime main algorithm
1 (EM) 	Elapsed: 0.888	Loglikelihood: -1.51109e+07	(delta): 1.02679e+07
2 (EM) 	Elapsed: 0.867	Loglikelihood: -1.45806e+07	(delta): 530308
3 (EM) 	Elapsed: 0.872	Loglikelihood: -1.44199e+07	(delta): 160735
4 (EM) 	Elapsed: 0.866	Loglikelihood: -1.43331e+07	(delta): 86784.9
5 (EM) 	Elapsed: 0.87	Loglikelihood: -1.42808e+07	(delta): 52310.6
Initial loglikelihood: -1.42808e+07
Starting main algorithm
1 (QN/Block) 	Elapsed: 2.169	Loglikelihood: -1.41227e+07	(delta): 158091
2 (QN/Block) 	Elapsed: 2.163	Loglikelihood: -1.40407e+07	(delta): 81973
3 (QN/Block) 	Elapsed: 2.435	Loglikelihood: -1.40181e+07	(delta): 22636.2
4 (QN/Block) 	Elapsed: 2.597	Loglikelihood: -1.40072e+07	(delta): 10934.3
5 (QN/Block) 	Elapsed: 2.467	Loglikelihood: -1.39995e+07	(delta): 7674.37
6 (QN/Block) 	Elapsed: 2.586	Loglikelihood: -1.39868e+07	(delta): 12666.6
7 (QN/Block) 	Elapsed: 2.708	Loglikelihood: -1.39822e+07	(delta): 4592.8
8 (QN/Block) 	Elapsed: 2.455	Loglikelihood: -1.39801e+07	(delta): 2108.52
9 (QN/Block) 	Elapsed: 2.565	Loglikelihood: -1.39794e+07	(delta): 752.576
10 (QN/Block) 	Elapsed: 2.442	Loglikelihood: -1.39791e+07	(delta): 248.041
11 (QN/Block) 	Elapsed: 2.451	Loglikelihood: -1.3979e+07	(delta): 113.093
12 (QN/Block) 	Elapsed: 2.425	Loglikelihood: -1.39789e+07	(delta): 82.8646
13 (QN/Block) 	Elapsed: 2.436	Loglikelihood: -1.39788e+07	(delta): 144.361
14 (QN/Block) 	Elapsed: 2.777	Loglikelihood: -1.39786e+07	(delta): 125.083
15 (QN/Block) 	Elapsed: 2.831	Loglikelihood: -1.39786e+07	(delta): 52.4592
16 (QN/Block) 	Elapsed: 2.431	Loglikelihood: -1.39786e+07	(delta): 35.1973
17 (QN/Block) 	Elapsed: 2.871	Loglikelihood: -1.39785e+07	(delta): 43.5804
18 (QN/Block) 	Elapsed: 2.855	Loglikelihood: -1.39785e+07	(delta): 10.5091
19 (QN/Block) 	Elapsed: 2.873	Loglikelihood: -1.39785e+07	(delta): 8.09347
20 (QN/Block) 	Elapsed: 2.708	Loglikelihood: -1.39785e+07	(delta): 3.57486
21 (QN/Block) 	Elapsed: 2.848	Loglikelihood: -1.39785e+07	(delta): 2.10086
22 (QN/Block) 	Elapsed: 2.44	Loglikelihood: -1.39785e+07	(delta): 6.8445
23 (QN/Block) 	Elapsed: 2.457	Loglikelihood: -1.39785e+07	(delta): 1.39511
24 (QN/Block) 	Elapsed: 2.438	Loglikelihood: -1.39785e+07	(delta): 0.09751
25 (QN/Block) 	Elapsed: 2.448	Loglikelihood: -1.39785e+07	(delta): 0.00902708
26 (QN/Block) 	Elapsed: 2.438	Loglikelihood: -1.39785e+07	(delta): 0.00247697
27 (QN/Block) 	Elapsed: 2.463	Loglikelihood: -1.39785e+07	(delta): 0.000370106
28 (QN/Block) 	Elapsed: 2.443	Loglikelihood: -1.39785e+07	(delta): 0.000155615
29 (QN/Block) 	Elapsed: 2.449	Loglikelihood: -1.39785e+07	(delta): 3.97302e-05
Summary: 
Converged in 29 iterations (82.973 sec)
Loglikelihood: -13978478.781019
Fst divergences between estimated populations: 
	Pop0	Pop1	
Pop0	
Pop1	0.065	
Pop2	0.077	0.084	
CV error (K=3): 0.84099
Writing output files.
